<?xml version="1.0" encoding="UTF-8"?>
<testsuites name="jest tests" tests="2" failures="0" errors="0" time="20.755">
  <testsuite name="Name of the group" errors="0" failures="0" skipped="0" timestamp="2024-02-19T03:28:37" time="17.255" tests="1">
    <testcase classname="Name of the group test" name="Name of the group test" time="0.119">
    </testcase>
  </testsuite>
  <testsuite name="Name of the group" errors="0" failures="0" skipped="0" timestamp="2024-02-19T03:28:37" time="19.642" tests="1">
    <testcase classname="Name of the group test" name="Name of the group test" time="0.141">
    </testcase>
  </testsuite>
</testsuites>